21:19:45 **** Build of configuration Debug for project Task_Scheduler ****
make -j12 all 
arm-none-eabi-gcc -mcpu=cortex-m4 -g3 -DDEBUG -c -x assembler-with-cpp -MMD -MP -MF"Startup/startup_stm32f407vgtx.d" -MT"Startup/startup_stm32f407vgtx.o" --specs=nano.specs -mfloat-abi=soft -mthumb -o "Startup/startup_stm32f407vgtx.o" "../Startup/startup_stm32f407vgtx.s"
arm-none-eabi-gcc "../Src/led.c" -mcpu=cortex-m4 -std=gnu11 -g3 -DDEBUG -DSTM32 -DSTM32F4 -DSTM32F407VGTx -c -I../Inc -O0 -ffunction-sections -fdata-sections -Wall -fstack-usage -fcyclomatic-complexity -MMD -MP -MF"Src/led.d" -MT"Src/led.o" --specs=nano.specs -mfloat-abi=soft -mthumb -o "Src/led.o"
arm-none-eabi-gcc "../Src/main.c" -mcpu=cortex-m4 -std=gnu11 -g3 -DDEBUG -DSTM32 -DSTM32F4 -DSTM32F407VGTx -c -I../Inc -O0 -ffunction-sections -fdata-sections -Wall -fstack-usage -fcyclomatic-complexity -MMD -MP -MF"Src/main.d" -MT"Src/main.o" --specs=nano.specs -mfloat-abi=soft -mthumb -o "Src/main.o"
arm-none-eabi-gcc "../Src/syscalls.c" -mcpu=cortex-m4 -std=gnu11 -g3 -DDEBUG -DSTM32 -DSTM32F4 -DSTM32F407VGTx -c -I../Inc -O0 -ffunction-sections -fdata-sections -Wall -fstack-usage -fcyclomatic-complexity -MMD -MP -MF"Src/syscalls.d" -MT"Src/syscalls.o" --specs=nano.specs -mfloat-abi=soft -mthumb -o "Src/syscalls.o"
arm-none-eabi-gcc "../Src/sysmem.c" -mcpu=cortex-m4 -std=gnu11 -g3 -DDEBUG -DSTM32 -DSTM32F4 -DSTM32F407VGTx -c -I../Inc -O0 -ffunction-sections -fdata-sections -Wall -fstack-usage -fcyclomatic-complexity -MMD -MP -MF"Src/sysmem.d" -MT"Src/sysmem.o" --specs=nano.specs -mfloat-abi=soft -mthumb -o "Src/sysmem.o"
arm-none-eabi-gcc -o "Task_Scheduler.elf" @"objects.list"   -mcpu=cortex-m4 -T"C:\Users\Bgohel\STM32CubeIDE\workspace_1.17.0\Task_Scheduler\STM32F407VGTX_FLASH.ld" --specs=nosys.specs -Wl,-Map="Task_Scheduler.map" -Wl,--gc-sections -static --specs=nano.specs -mfloat-abi=soft -mthumb -Wl,--start-group -lc -lm -Wl,--end-group
Finished building target: Task_Scheduler.elf
 
arm-none-eabi-size  Task_Scheduler.elf 
arm-none-eabi-objdump -h -S Task_Scheduler.elf  > "Task_Scheduler.list"
   text	   data	    bss	    dec	    hex	filename
   4924	     96	   1984	   7004	   1b5c	Task_Scheduler.elf
Finished building: default.size.stdout
 
Finished building: Task_Scheduler.list
 
21:19:53 **** Incremental Build of configuration Debug for project Task_Scheduler ****
make -j12 all 
arm-none-eabi-size  Task_Scheduler.elf 
   text	   data	    bss	    dec	    hex	filename
   4924	     96	   1984	   7004	   1b5c	Task_Scheduler.elf
Finished building: default.size.stdout
 
22:06:00 **** Incremental Build of configuration Debug for project Task_Scheduler ****
make -j12 all 
arm-none-eabi-size  Task_Scheduler.elf 
   text	   data	    bss	    dec	    hex	filename
   4924	     96	   1984	   7004	   1b5c	Task_Scheduler.elf
Finished building: default.size.stdout
 
22:10:11 **** Incremental Build of configuration Debug for project Task_Scheduler ****
make -j12 all 
arm-none-eabi-size  Task_Scheduler.elf 
   text	   data	    bss	    dec	    hex	filename
   4924	     96	   1984	   7004	   1b5c	Task_Scheduler.elf
Finished building: default.size.stdout
 
22:12:28 **** Incremental Build of configuration Debug for project Task_Scheduler ****
make -j12 all 
arm-none-eabi-size  Task_Scheduler.elf 
   text	   data	    bss	    dec	    hex	filename
   4924	     96	   1984	   7004	   1b5c	Task_Scheduler.elf
Finished building: default.size.stdout
 
22:54:19 **** Incremental Build of configuration Debug for project Task_Scheduler ****
make -j12 all 
arm-none-eabi-size  Task_Scheduler.elf 
   text	   data	    bss	    dec	    hex	filename
   4924	     96	   1984	   7004	   1b5c	Task_Scheduler.elf
Finished building: default.size.stdout
 
